
List of user-set options:

                                    Name   Value                used
                acceptable_compl_inf_tol = 0.001                 yes
              acceptable_constr_viol_tol = 1e-05                 yes
                 acceptable_dual_inf_tol = 100                   yes
                         acceptable_iter = 15                    yes
               acceptable_obj_change_tol = 0.001                 yes
                          acceptable_tol = 10                    yes
                      bound_relax_factor = 1e-12                 yes
                           compl_inf_tol = 1e-06                 yes
                         constr_viol_tol = 1e-06                 yes
                         derivative_test = first-order           yes
            derivative_test_perturbation = 1e-07                 yes
                            dual_inf_tol = 100000                yes
               expect_infeasible_problem = no                    yes
                        file_print_level = 5                     yes
                   hessian_approximation = limited-memory        yes
                           linear_solver = mumps                 yes
                                max_iter = 3000                  yes
                             mu_strategy = adaptive              yes
                nlp_scaling_max_gradient = 100                   yes
                      nlp_scaling_method = gradient-based        yes
                        option_file_name =                        no
                             output_file = fitter-ipopt.log      yes
                             print_level = 5                     yes
             print_options_documentation = no                    yes
                      print_user_options = yes                   yes
                        start_with_resto = no                    yes
                                     tol = 0.001                 yes

******************************************************************************
This program contains Ipopt, a library for large-scale nonlinear optimization.
 Ipopt is released as open source code under the Eclipse Public License (EPL).
         For more information visit http://projects.coin-or.org/Ipopt
******************************************************************************

This is Ipopt version 3.11.9, running with linear solver mumps.
NOTE: Other linear solvers might be more efficient (see Ipopt documentation).

Starting derivative checker for first derivatives.


No errors detected by derivative checker.

Number of nonzeros in equality constraint Jacobian...:        0
Number of nonzeros in inequality constraint Jacobian.:    10549
Number of nonzeros in Lagrangian Hessian.............:        0

Total number of variables............................:        7
                     variables with only lower bounds:        1
                variables with lower and upper bounds:        0
                     variables with only upper bounds:        0
Total number of equality constraints.................:        0
Total number of inequality constraints...............:     1507
        inequality constraints with only lower bounds:        0
   inequality constraints with lower and upper bounds:        0
        inequality constraints with only upper bounds:     1507

iter    objective    inf_pr   inf_du lg(mu)  ||d||  lg(rg) alpha_du alpha_pr  ls
   0  7.7483324e-03 0.00e+00 1.00e+00   0.0 0.00e+00    -  0.00e+00 0.00e+00   0
   1  8.1148381e-03 0.00e+00 9.07e-01  -7.5 5.83e-03    -  6.61e-01 1.00e+00h  1
   2  8.1273207e-03 0.00e+00 8.27e-03  -8.0 1.46e-04    -  9.87e-01 1.00e+00h  1
   3  7.8054288e-03 0.00e+00 2.77e-03  -5.6 3.43e-03    -  9.70e-01 1.00e+00h  1
   4  5.5720030e-03 3.64e-05 1.38e-02  -6.0 2.77e-02    -  1.00e+00 1.00e+00h  1
   5  4.1208171e-03 7.57e-04 4.55e-03  -7.8 2.59e-02    -  1.00e+00 8.56e-01h  1
   6  4.6194559e-03 0.00e+00 3.64e-02  -6.0 1.10e-02    -  7.11e-02 1.00e+00h  1
   7  5.0995668e-03 0.00e+00 1.13e-03  -5.8 1.27e-02    -  9.20e-01 1.00e+00h  1
   8  4.7888860e-03 0.00e+00 2.77e-04  -5.9 6.98e-03    -  1.00e+00 1.00e+00h  1
   9  4.4324192e-03 0.00e+00 5.99e-04  -6.1 7.91e-03    -  1.00e+00 1.00e+00h  1

Number of Iterations....: 9

                                   (scaled)                 (unscaled)
Objective...............:   4.4324192333446560e-03    4.4324192333446560e-03
Dual infeasibility......:   5.9853152253342345e-04    5.9853152253342345e-04
Constraint violation....:   0.0000000000000000e+00    0.0000000000000000e+00
Complementarity.........:   8.5828512593594667e-07    8.5828512593594667e-07
Overall NLP error.......:   5.9853152253342345e-04    5.9853152253342345e-04


Number of objective function evaluations             = 10
Number of objective gradient evaluations             = 10
Number of equality constraint evaluations            = 0
Number of inequality constraint evaluations          = 10
Number of equality constraint Jacobian evaluations   = 0
Number of inequality constraint Jacobian evaluations = 10
Number of Lagrangian Hessian evaluations             = 0
Total CPU secs in IPOPT (w/o function evaluations)   =      0.089
Total CPU secs in NLP function evaluations           =      0.017

EXIT: Optimal Solution Found.
